0 268435456
0 536870912 805306368
0 268435520
0 536870976 805306432
0 268435584
0 537871040 805306496
0 268435648
0 536871104 805306560
0 268435712
0 536871168 805306624
0 268435776
0 536871232 805306688
0 268435840
0 536871296 805306752
0 268435904
0 536871360 805306816
0 268435968
0 536871424 805306880
0 268436032
0 536871488 805306944
0 268436096
0 536871552 805307008
0 268436160
0 536871616 805307072
0 268436224
0 536871680 805307136
0 268436288
0 536871744 805307200
0 268436352
0 536871808 805307264
0 268436416
0 536871872 805307328
0 268436480
0 536871936 805307392
0 268436544
0 536872000 805307456
0 268436608
0 536872064 805307520
0 268436672
0 536872128 805307584
0 268436736
0 536872192 805307648
0 268436800
0 536872256 805307712
0 268436864
0 536872320 805307776
0 268436928
0 536872384 805307840
0 268436992
0 536872448 805307904
0 268437056
0 536872512 805307968
0 268437120
0 536872576 805308032
0 268437184
0 536872640 805308096
0 268437248
0 536872704 805308160
0 268437312
0 536872768 805308224
